---
source: crates/rattler_lock/src/lib.rs
expression: "conda_lock.environment(DEFAULT_ENVIRONMENT_NAME).unwrap().packages(Platform::Osx64).unwrap().map(|p|\n            p.url()).collect::<Vec<_>>()"
---
- "https://conda.anaconda.org/conda-forge/osx-64/bzip2-1.0.8-h0d85af4_4.tar.bz2"
- "https://conda.anaconda.org/conda-forge/osx-64/ca-certificates-2022.12.7-h033912b_0.conda"
- "https://conda.anaconda.org/conda-forge/osx-64/jpeg-9e-hb7f2c08_3.conda"
- "https://conda.anaconda.org/conda-forge/osx-64/libbrotlicommon-1.0.9-hb7f2c08_8.tar.bz2"
- "https://conda.anaconda.org/conda-forge/osx-64/libcxx-14.0.6-hccf4f1f_0.tar.bz2"
- "https://conda.anaconda.org/conda-forge/osx-64/libdeflate-1.17-hac1461d_0.conda"
- "https://conda.anaconda.org/conda-forge/osx-64/libffi-3.4.2-h0d85af4_5.tar.bz2"
- "https://conda.anaconda.org/conda-forge/noarch/libgfortran-devel_osx-64-11.3.0-h824d247_27.conda"
- "https://conda.anaconda.org/conda-forge/osx-64/libiconv-1.17-hac89ed1_0.tar.bz2"
- "https://conda.anaconda.org/conda-forge/osx-64/libwebp-base-1.2.4-h775f41a_0.tar.bz2"
- "https://conda.anaconda.org/conda-forge/osx-64/libzlib-1.2.13-hfd90126_4.tar.bz2"
- "https://conda.anaconda.org/conda-forge/osx-64/llvm-openmp-15.0.7-h61d9ccf_0.conda"
- "https://conda.anaconda.org/conda-forge/osx-64/ncurses-6.3-h96cf925_1.tar.bz2"
- "https://conda.anaconda.org/conda-forge/noarch/nomkl-1.0-h5ca1d4c_0.tar.bz2"
- "https://conda.anaconda.org/conda-forge/osx-64/pthread-stubs-0.4-hc929b4f_1001.tar.bz2"
- "https://conda.anaconda.org/conda-forge/osx-64/python_abi-3.9-3_cp39.conda"
- "https://conda.anaconda.org/conda-forge/noarch/tzdata-2022g-h191b570_0.conda"
- "https://conda.anaconda.org/conda-forge/osx-64/xorg-libxau-1.0.9-h35c211d_0.tar.bz2"
- "https://conda.anaconda.org/conda-forge/osx-64/xorg-libxdmcp-1.1.3-h35c211d_0.tar.bz2"
- "https://conda.anaconda.org/conda-forge/osx-64/xz-5.2.6-h775f41a_0.tar.bz2"
- "https://conda.anaconda.org/conda-forge/osx-64/doxygen-1.9.5-h6ca31d6_0.tar.bz2"
- "https://conda.anaconda.org/conda-forge/osx-64/gmp-6.2.1-h2e338ed_0.tar.bz2"
- "https://conda.anaconda.org/conda-forge/osx-64/isl-0.25-hb486fe8_0.tar.bz2"
- "https://conda.anaconda.org/conda-forge/osx-64/lerc-4.0.0-hb486fe8_0.tar.bz2"
- "https://conda.anaconda.org/conda-forge/osx-64/libbrotlidec-1.0.9-hb7f2c08_8.tar.bz2"
- "https://conda.anaconda.org/conda-forge/osx-64/libbrotlienc-1.0.9-hb7f2c08_8.tar.bz2"
- "https://conda.anaconda.org/conda-forge/osx-64/libgfortran5-11.3.0-h082f757_27.conda"
- "https://conda.anaconda.org/conda-forge/osx-64/libllvm14-14.0.6-h5b596cc_1.tar.bz2"
- "https://conda.anaconda.org/conda-forge/osx-64/libpng-1.6.39-ha978bb4_0.conda"
- "https://conda.anaconda.org/conda-forge/osx-64/libsqlite-3.40.0-ha978bb4_0.tar.bz2"
- "https://conda.anaconda.org/conda-forge/osx-64/libxcb-1.13-h0d85af4_1004.tar.bz2"
- "https://conda.anaconda.org/conda-forge/osx-64/ninja-1.11.0-h1b54a9f_0.tar.bz2"
- "https://conda.anaconda.org/conda-forge/osx-64/openssl-3.0.8-hfd90126_0.conda"
- "https://conda.anaconda.org/conda-forge/osx-64/pkg-config-0.29.2-ha3d46e9_1008.tar.bz2"
- "https://conda.anaconda.org/conda-forge/osx-64/readline-8.1.2-h3899abd_0.tar.bz2"
- "https://conda.anaconda.org/conda-forge/osx-64/tapi-1100.0.11-h9ce4665_0.tar.bz2"
- "https://conda.anaconda.org/conda-forge/osx-64/tk-8.6.12-h5dbffcc_0.tar.bz2"
- "https://conda.anaconda.org/conda-forge/osx-64/zlib-1.2.13-hfd90126_4.tar.bz2"
- "https://conda.anaconda.org/conda-forge/osx-64/zstd-1.5.2-hbc0c0cd_6.conda"
- "https://conda.anaconda.org/conda-forge/osx-64/brotli-bin-1.0.9-hb7f2c08_8.tar.bz2"
- "https://conda.anaconda.org/conda-forge/osx-64/freetype-2.12.1-h3f81eb7_1.conda"
- "https://conda.anaconda.org/conda-forge/osx-64/libclang-cpp14-14.0.6-default_h55ffa42_0.tar.bz2"
- "https://conda.anaconda.org/conda-forge/osx-64/libgfortran-5.0.0-11_3_0_h97931a8_27.conda"
- "https://conda.anaconda.org/conda-forge/osx-64/libtiff-4.5.0-hee9004a_2.conda"
- "https://conda.anaconda.org/conda-forge/osx-64/llvm-tools-14.0.6-h5b596cc_1.tar.bz2"
- "https://conda.anaconda.org/conda-forge/osx-64/mpfr-4.1.0-h0f52abe_1.tar.bz2"
- "https://conda.anaconda.org/conda-forge/osx-64/python-3.9.16-h709bd14_0_cpython.conda"
- "https://conda.anaconda.org/conda-forge/osx-64/sigtool-0.1.3-h88f4db0_0.tar.bz2"
- "https://conda.anaconda.org/conda-forge/noarch/alabaster-0.7.13-pyhd8ed1ab_0.conda"
- "https://conda.anaconda.org/conda-forge/noarch/appdirs-1.4.4-pyh9f0ad1d_0.tar.bz2"
- "https://conda.anaconda.org/conda-forge/noarch/appnope-0.1.3-pyhd8ed1ab_0.tar.bz2"
- "https://conda.anaconda.org/conda-forge/noarch/attrs-22.2.0-pyh71513ae_0.conda"
- "https://conda.anaconda.org/conda-forge/noarch/backcall-0.2.0-pyh9f0ad1d_0.tar.bz2"
- "https://conda.anaconda.org/conda-forge/noarch/backports-1.0-pyhd8ed1ab_3.conda"
- "https://conda.anaconda.org/conda-forge/osx-64/backports.zoneinfo-0.2.1-py39h6e9494a_7.tar.bz2"
- "https://conda.anaconda.org/conda-forge/osx-64/brotli-1.0.9-hb7f2c08_8.tar.bz2"
- "https://conda.anaconda.org/conda-forge/noarch/certifi-2022.12.7-pyhd8ed1ab_0.conda"
- "https://conda.anaconda.org/conda-forge/noarch/charset-normalizer-2.1.1-pyhd8ed1ab_0.tar.bz2"
- "https://conda.anaconda.org/conda-forge/osx-64/clang-14-14.0.6-default_h55ffa42_0.tar.bz2"
- "https://conda.anaconda.org/conda-forge/noarch/click-8.1.3-unix_pyhd8ed1ab_2.tar.bz2"
- "https://conda.anaconda.org/conda-forge/noarch/colorama-0.4.6-pyhd8ed1ab_0.tar.bz2"
- "https://conda.anaconda.org/conda-forge/noarch/cycler-0.11.0-pyhd8ed1ab_0.tar.bz2"
- "https://conda.anaconda.org/conda-forge/osx-64/cython-0.29.33-py39h7a8716b_0.conda"
- "https://conda.anaconda.org/conda-forge/noarch/decorator-5.1.1-pyhd8ed1ab_0.tar.bz2"
- "https://conda.anaconda.org/conda-forge/osx-64/docutils-0.19-py39h6e9494a_1.tar.bz2"
- "https://conda.anaconda.org/conda-forge/noarch/exceptiongroup-1.1.0-pyhd8ed1ab_0.conda"
- "https://conda.anaconda.org/conda-forge/noarch/execnet-1.9.0-pyhd8ed1ab_0.tar.bz2"
- "https://conda.anaconda.org/conda-forge/noarch/executing-1.2.0-pyhd8ed1ab_0.tar.bz2"
- "https://conda.anaconda.org/conda-forge/noarch/idna-3.4-pyhd8ed1ab_0.tar.bz2"
- "https://conda.anaconda.org/conda-forge/noarch/imagesize-1.4.1-pyhd8ed1ab_0.tar.bz2"
- "https://conda.anaconda.org/conda-forge/noarch/iniconfig-2.0.0-pyhd8ed1ab_0.conda"
- "https://conda.anaconda.org/conda-forge/osx-64/kiwisolver-1.4.4-py39h92daf61_1.tar.bz2"
- "https://conda.anaconda.org/conda-forge/osx-64/lcms2-2.14-h29502cd_1.conda"
- "https://conda.anaconda.org/conda-forge/osx-64/ld64_osx-64-609-hfd63004_11.conda"
- "https://conda.anaconda.org/conda-forge/osx-64/libopenblas-0.3.21-openmp_h429af6e_3.tar.bz2"
- "https://conda.anaconda.org/conda-forge/osx-64/markupsafe-2.1.2-py39ha30fb19_0.conda"
- "https://conda.anaconda.org/conda-forge/osx-64/mpc-1.3.1-h81bd1dd_0.conda"
- "https://conda.anaconda.org/conda-forge/noarch/munkres-1.1.4-pyh9f0ad1d_0.tar.bz2"
- "https://conda.anaconda.org/conda-forge/noarch/mypy_extensions-1.0.0-pyha770c72_0.conda"
- "https://conda.anaconda.org/conda-forge/osx-64/openjpeg-2.5.0-h13ac156_2.conda"
- "https://conda.anaconda.org/conda-forge/noarch/packaging-23.0-pyhd8ed1ab_0.conda"
- "https://conda.anaconda.org/conda-forge/noarch/parso-0.8.3-pyhd8ed1ab_0.tar.bz2"
- "https://conda.anaconda.org/conda-forge/noarch/pickleshare-0.7.5-py_1003.tar.bz2"
- "https://conda.anaconda.org/conda-forge/noarch/pluggy-1.0.0-pyhd8ed1ab_5.tar.bz2"
- "https://conda.anaconda.org/conda-forge/osx-64/psutil-5.9.4-py39ha30fb19_0.tar.bz2"
- "https://conda.anaconda.org/conda-forge/noarch/ptyprocess-0.7.0-pyhd3deb0d_0.tar.bz2"
- "https://conda.anaconda.org/conda-forge/noarch/pure_eval-0.2.2-pyhd8ed1ab_0.tar.bz2"
- "https://conda.anaconda.org/conda-forge/noarch/pycodestyle-2.7.0-pyhd8ed1ab_0.tar.bz2"
- "https://conda.anaconda.org/conda-forge/noarch/pycparser-2.21-pyhd8ed1ab_0.tar.bz2"
- "https://conda.anaconda.org/conda-forge/noarch/pyparsing-3.0.9-pyhd8ed1ab_0.tar.bz2"
- "https://conda.anaconda.org/conda-forge/noarch/pysocks-1.7.1-pyha2e5f31_6.tar.bz2"
- "https://conda.anaconda.org/conda-forge/noarch/pytz-2022.7.1-pyhd8ed1ab_0.conda"
- "https://conda.anaconda.org/conda-forge/osx-64/setuptools-59.2.0-py39h6e9494a_0.tar.bz2"
- "https://conda.anaconda.org/conda-forge/noarch/six-1.16.0-pyh6c4a22f_0.tar.bz2"
- "https://conda.anaconda.org/conda-forge/noarch/smmap-3.0.5-pyh44b312d_0.tar.bz2"
- "https://conda.anaconda.org/conda-forge/noarch/snowballstemmer-2.2.0-pyhd8ed1ab_0.tar.bz2"
- "https://conda.anaconda.org/conda-forge/noarch/sortedcontainers-2.4.0-pyhd8ed1ab_0.tar.bz2"
- "https://conda.anaconda.org/conda-forge/noarch/soupsieve-2.3.2.post1-pyhd8ed1ab_0.tar.bz2"
- "https://conda.anaconda.org/conda-forge/noarch/sphinxcontrib-applehelp-1.0.4-pyhd8ed1ab_0.conda"
- "https://conda.anaconda.org/conda-forge/noarch/sphinxcontrib-devhelp-1.0.2-py_0.tar.bz2"
- "https://conda.anaconda.org/conda-forge/noarch/sphinxcontrib-htmlhelp-2.0.1-pyhd8ed1ab_0.conda"
- "https://conda.anaconda.org/conda-forge/noarch/sphinxcontrib-jsmath-1.0.1-py_0.tar.bz2"
- "https://conda.anaconda.org/conda-forge/noarch/sphinxcontrib-qthelp-1.0.3-py_0.tar.bz2"
- "https://conda.anaconda.org/conda-forge/noarch/sphinxcontrib-serializinghtml-1.1.5-pyhd8ed1ab_2.tar.bz2"
- "https://conda.anaconda.org/conda-forge/noarch/toml-0.10.2-pyhd8ed1ab_0.tar.bz2"
- "https://conda.anaconda.org/conda-forge/noarch/tomli-2.0.1-pyhd8ed1ab_0.tar.bz2"
- "https://conda.anaconda.org/conda-forge/osx-64/tornado-6.2-py39ha30fb19_1.tar.bz2"
- "https://conda.anaconda.org/conda-forge/noarch/traitlets-5.9.0-pyhd8ed1ab_0.conda"
- "https://conda.anaconda.org/conda-forge/noarch/typing_extensions-4.4.0-pyha770c72_0.tar.bz2"
- "https://conda.anaconda.org/conda-forge/osx-64/unicodedata2-15.0.0-py39ha30fb19_0.tar.bz2"
- "https://conda.anaconda.org/conda-forge/noarch/wheel-0.38.4-pyhd8ed1ab_0.tar.bz2"
- "https://conda.anaconda.org/conda-forge/noarch/zipp-3.13.0-pyhd8ed1ab_0.conda"
- "https://conda.anaconda.org/conda-forge/noarch/asttokens-2.2.1-pyhd8ed1ab_0.conda"
- "https://conda.anaconda.org/conda-forge/noarch/babel-2.11.0-pyhd8ed1ab_0.tar.bz2"
- "https://conda.anaconda.org/conda-forge/noarch/backports.functools_lru_cache-1.6.4-pyhd8ed1ab_0.tar.bz2"
- "https://conda.anaconda.org/conda-forge/noarch/beautifulsoup4-4.11.2-pyha770c72_0.conda"
- "https://conda.anaconda.org/conda-forge/osx-64/cctools_osx-64-973.0.1-hcc6d90d_11.conda"
- "https://conda.anaconda.org/conda-forge/osx-64/cffi-1.15.1-py39h131948b_3.conda"
- "https://conda.anaconda.org/conda-forge/osx-64/clang-14.0.6-h694c41f_0.tar.bz2"
- "https://conda.anaconda.org/conda-forge/osx-64/coverage-7.1.0-py39ha30fb19_0.conda"
- "https://conda.anaconda.org/conda-forge/osx-64/fonttools-4.38.0-py39ha30fb19_1.tar.bz2"
- "https://conda.anaconda.org/conda-forge/osx-64/gfortran_impl_osx-64-11.3.0-h1f927f5_27.conda"
- "https://conda.anaconda.org/conda-forge/noarch/gitdb-4.0.10-pyhd8ed1ab_0.conda"
- "https://conda.anaconda.org/conda-forge/noarch/hypothesis-6.68.1-pyha770c72_0.conda"
- "https://conda.anaconda.org/conda-forge/noarch/importlib-metadata-6.0.0-pyha770c72_0.conda"
- "https://conda.anaconda.org/conda-forge/noarch/jedi-0.18.2-pyhd8ed1ab_0.conda"
- "https://conda.anaconda.org/conda-forge/noarch/jinja2-3.1.2-pyhd8ed1ab_1.tar.bz2"
- "https://conda.anaconda.org/conda-forge/osx-64/ld64-609-hc6ad406_11.conda"
- "https://conda.anaconda.org/conda-forge/osx-64/libblas-3.9.0-16_osx64_openblas.tar.bz2"
- "https://conda.anaconda.org/conda-forge/noarch/matplotlib-inline-0.1.6-pyhd8ed1ab_0.tar.bz2"
- "https://conda.anaconda.org/conda-forge/noarch/meson-1.0.0-pyhd8ed1ab_0.conda"
- "https://conda.anaconda.org/conda-forge/osx-64/mypy-0.981-py39ha30fb19_0.tar.bz2"
- "https://conda.anaconda.org/conda-forge/osx-64/openblas-0.3.21-openmp_hbefa662_3.tar.bz2"
- "https://conda.anaconda.org/conda-forge/noarch/pexpect-4.8.0-pyh1a96a4e_2.tar.bz2"
- "https://conda.anaconda.org/conda-forge/osx-64/pillow-9.4.0-py39h7f5cd59_1.conda"
- "https://conda.anaconda.org/conda-forge/noarch/pip-23.0-pyhd8ed1ab_0.conda"
- "https://conda.anaconda.org/conda-forge/noarch/pygments-2.14.0-pyhd8ed1ab_0.conda"
- "https://conda.anaconda.org/conda-forge/noarch/pyproject-metadata-0.7.1-pyhd8ed1ab_0.conda"
- "https://conda.anaconda.org/conda-forge/noarch/pytest-7.2.1-pyhd8ed1ab_0.conda"
- "https://conda.anaconda.org/conda-forge/noarch/python-dateutil-2.8.2-pyhd8ed1ab_0.tar.bz2"
- "https://conda.anaconda.org/conda-forge/noarch/typing-extensions-4.4.0-hd8ed1ab_0.tar.bz2"
- "https://conda.anaconda.org/conda-forge/osx-64/brotlipy-0.7.0-py39ha30fb19_1005.tar.bz2"
- "https://conda.anaconda.org/conda-forge/osx-64/cctools-973.0.1-h76f1dac_11.conda"
- "https://conda.anaconda.org/conda-forge/osx-64/clangxx-14.0.6-default_h55ffa42_0.tar.bz2"
- "https://conda.anaconda.org/conda-forge/osx-64/cryptography-39.0.1-py39hbeae22c_0.conda"
- "https://conda.anaconda.org/conda-forge/noarch/gitpython-3.1.30-pyhd8ed1ab_0.conda"
- "https://conda.anaconda.org/conda-forge/osx-64/libcblas-3.9.0-16_osx64_openblas.tar.bz2"
- "https://conda.anaconda.org/conda-forge/osx-64/liblapack-3.9.0-16_osx64_openblas.tar.bz2"
- "https://conda.anaconda.org/conda-forge/noarch/meson-python-0.12.0-pyh71feb2d_0.conda"
- "https://conda.anaconda.org/conda-forge/noarch/pytest-cov-4.0.0-pyhd8ed1ab_0.tar.bz2"
- "https://conda.anaconda.org/conda-forge/noarch/pytest-xdist-3.2.0-pyhd8ed1ab_0.conda"
- "https://conda.anaconda.org/conda-forge/noarch/stack_data-0.6.2-pyhd8ed1ab_0.conda"
- "https://conda.anaconda.org/conda-forge/noarch/wcwidth-0.2.6-pyhd8ed1ab_0.conda"
- "https://conda.anaconda.org/conda-forge/noarch/compiler-rt_osx-64-14.0.6-hab78ec2_0.tar.bz2"
- "https://conda.anaconda.org/conda-forge/osx-64/numpy-1.24.2-py39h6ee2318_0.conda"
- "https://conda.anaconda.org/conda-forge/noarch/prompt-toolkit-3.0.36-pyha770c72_0.conda"
- "https://conda.anaconda.org/conda-forge/noarch/pyopenssl-23.0.0-pyhd8ed1ab_0.conda"
- "https://conda.anaconda.org/conda-forge/osx-64/compiler-rt-14.0.6-h613da45_0.tar.bz2"
- "https://conda.anaconda.org/conda-forge/osx-64/contourpy-1.0.7-py39h92daf61_0.conda"
- "https://conda.anaconda.org/conda-forge/noarch/ipython-8.10.0-pyhd1c38e8_0.conda"
- "https://conda.anaconda.org/conda-forge/osx-64/pandas-1.5.3-py39hecff1ad_0.conda"
- "https://conda.anaconda.org/conda-forge/noarch/urllib3-1.26.14-pyhd8ed1ab_0.conda"
- "https://conda.anaconda.org/conda-forge/osx-64/clang_osx-64-14.0.6-h3113cd8_4.conda"
- "https://conda.anaconda.org/conda-forge/osx-64/matplotlib-base-3.6.3-py39hb2f573b_0.conda"
- "https://conda.anaconda.org/conda-forge/noarch/requests-2.28.2-pyhd8ed1ab_0.conda"
- "https://conda.anaconda.org/conda-forge/osx-64/c-compiler-1.5.2-hbf74d83_0.conda"
- "https://conda.anaconda.org/conda-forge/osx-64/clangxx_osx-64-14.0.6-h6f97653_4.conda"
- "https://conda.anaconda.org/conda-forge/osx-64/gfortran_osx-64-11.3.0-h18f7dce_0.tar.bz2"
- "https://conda.anaconda.org/conda-forge/osx-64/matplotlib-3.6.3-py39h6e9494a_0.conda"
- "https://conda.anaconda.org/conda-forge/noarch/pooch-1.6.0-pyhd8ed1ab_0.tar.bz2"
- "https://conda.anaconda.org/conda-forge/noarch/sphinx-5.3.0-pyhd8ed1ab_0.tar.bz2"
- "https://conda.anaconda.org/conda-forge/noarch/breathe-4.34.0-pyhd8ed1ab_0.tar.bz2"
- "https://conda.anaconda.org/conda-forge/osx-64/cxx-compiler-1.5.2-hb8565cd_0.conda"
- "https://conda.anaconda.org/conda-forge/osx-64/gfortran-11.3.0-h2c809b3_0.tar.bz2"
- "https://conda.anaconda.org/conda-forge/noarch/numpydoc-1.4.0-pyhd8ed1ab_1.tar.bz2"
- "https://conda.anaconda.org/conda-forge/noarch/pydata-sphinx-theme-0.9.0-pyhd8ed1ab_1.tar.bz2"
- "https://conda.anaconda.org/conda-forge/osx-64/scipy-1.10.0-py39h8a15683_2.conda"
- "https://conda.anaconda.org/conda-forge/noarch/sphinx-design-0.3.0-pyhd8ed1ab_0.tar.bz2"
- "https://conda.anaconda.org/conda-forge/osx-64/fortran-compiler-1.5.2-haad3a49_0.conda"
- "https://conda.anaconda.org/conda-forge/osx-64/compilers-1.5.2-h694c41f_0.conda"

