---
source: crates/rattler_conda_types/src/package/link.rs
expression: link_json
---
noarch:
  type: generic
package_metadata_version: 1

