---
source: crates/rattler_conda_types/src/repo_data/mod.rs
assertion_line: 438
expression: repodata
---
info: ~
packages: {}
packages.conda: {}
removed:
  - aux
  - bar
  - baz
  - foo
  - quux
  - qux
  - xyz
repodata_version: 2

