# serializer version: 1
# name: test_split_split_main[correct_yaml_path-None]
  list([
    '5cee53ab6ced14b635875f52355eaf1c',
  ])
# ---
