# serializer version: 1
# name: test_transform_csv
  '5b558cb92b4187294f81bf6f1b059195'
# ---
