# serializer version: 1
# name: test_split_transforms[correct_yaml_path-None]
  list([
    '18f69929aabcd70bdc27ac2473af2fd206a04a068d69ee7d364b86be01e19c0c',
    '6c22c909cc8a5159b5e55636f31e72b3d3026a678ee788fb287da0d071c900a3',
    '7c8c881544e046707f8111c71b49ba0df9c70febb079ffcf3744397e3b69065d',
  ])
# ---
